// Bun Snapshot v1, https://bun.sh/docs/test/snapshots

exports[`errorToString should stringify MyPrefixErrTestErr correctly 1`] = `
"
+==============================================================================+
| Key                     | Value                                              |
+------------------------------------------------------------------------------+
| Message                 | Test Err!                                          |
+------------------------------------------------------------------------------+
| Name                    | Error                                              |
+------------------------------------------------------------------------------+
| Prefix                  | MyPrefixErr                                        |
+------------------------------------------------------------------------------+
| errType                 | TestErr                                            |
+------------------------------------------------------------------------------+
| AdditionalInfo.username | ***                                                |
+------------------------------------------------------------------------------+
| AdditionalInfo.email    | johndoe@example.com                                |
+------------------------------------------------------------------------------+
|                                    Stack                                     |
+------------------------------------------------------------------------------+
| Error: Test Err!                                                             |
| at                                                                           |
| (<TEST_FILE>/lib/error-to-string.test.ts:<LINE>:<COLUMN>))                   |
+==============================================================================+"
`;

exports[`errorToString should stringify FooHelpersErrIsEmptyIDInvalidIDTypeGiven correctly 1`] = `
"
+==============================================================================+
| Key                         | Value                                          |
+------------------------------------------------------------------------------+
| Message                     | Invalid ID type given                          |
+------------------------------------------------------------------------------+
| Name                        | Error                                          |
+------------------------------------------------------------------------------+
| Prefix                      | FooHelpersErr                                  |
+------------------------------------------------------------------------------+
| errType                     | IsEmptyID                                      |
+------------------------------------------------------------------------------+
| errCode                     | InvalidIDTypeGiven                             |
+------------------------------------------------------------------------------+
| AdditionalInfo.givenType    | string                                         |
+------------------------------------------------------------------------------+
| AdditionalInfo.expectedType | number, bigint                                 |
+------------------------------------------------------------------------------+
|                                    Stack                                     |
+------------------------------------------------------------------------------+
| Error: Invalid ID type given                                                 |
| at                                                                           |
| (<TEST_FILE>/lib/error-to-string.test.ts:<LINE>:<COLUMN>))                   |
+==============================================================================+"
`;

exports[`errorToString should handle nested errors correctly 1`] = `
"
+==============================================================================+
| Key                          | Value                                         |
+------------------------------------------------------------------------------+
| Message                      | Error with original error                     |
+------------------------------------------------------------------------------+
| Name                         | Error                                         |
+------------------------------------------------------------------------------+
| Prefix                       | OriginalErrorTest                             |
+------------------------------------------------------------------------------+
| errType                      | OriginalErrorTestErr                          |
+------------------------------------------------------------------------------+
|                         AdditionalInfo.originalError                         |
+------------------------------------------------------------------------------+
| +==========================================================================+ |
| | Key     | Value                                                          | |
| +--------------------------------------------------------------------------+ |
| | Message | Original error                                                 | |
| +--------------------------------------------------------------------------+ |
| | Name    | Error                                                          | |
| +--------------------------------------------------------------------------+ |
| |                                  Stack                                   | |
| +--------------------------------------------------------------------------+ |
| | Error: Original error                                                    | |
| | at                                                                       | |
| | (<TEST_FILE>/lib/error-to-string.test.ts:<LINE>:<COLUMN>))               | |
| +==========================================================================+ |
+==============================================================================+
|                                    Stack                                     |
+------------------------------------------------------------------------------+
| Error: Error with original error                                             |
| at                                                                           |
| (<TEST_FILE>/lib/error-to-string.test.ts:<LINE>:<COLUMN>))                   |
+==============================================================================+"
`;

exports[`errorToString should handle a null 1`] = `
"
+--------------------------------------+
|                                      |
+--------------------------------------+"
`;

exports[`errorToString should handle a normal object 1`] = `
"
+==============================================================================+
| Key     | Value                                                              |
+------------------------------------------------------------------------------+
| Message | normal object mimicking an error object                            |
+==============================================================================+"
`;
